Archive member included to satisfy reference by file (symbol)

c:/st/stm32cubeide_1.2.0/stm32cubeide/plugins/com.st.stm32cube.ide.mcu.externaltools.gnu-tools-for-stm32.7-2018-q2-update.win32_1.0.0.201904181610/tools/bin/../lib/gcc/arm-none-eabi/7.3.1/../../../../arm-none-eabi/lib/thumb/v7e-m/fpv4-sp/hard\libc_nano.a(lib_a-errno.o)
                              Core/Src/syscalls.o (__errno)
c:/st/stm32cubeide_1.2.0/stm32cubeide/plugins/com.st.stm32cube.ide.mcu.externaltools.gnu-tools-for-stm32.7-2018-q2-update.win32_1.0.0.201904181610/tools/bin/../lib/gcc/arm-none-eabi/7.3.1/../../../../arm-none-eabi/lib/thumb/v7e-m/fpv4-sp/hard\libc_nano.a(lib_a-exit.o)
                              c:/st/stm32cubeide_1.2.0/stm32cubeide/plugins/com.st.stm32cube.ide.mcu.externaltools.gnu-tools-for-stm32.7-2018-q2-update.win32_1.0.0.201904181610/tools/bin/../lib/gcc/arm-none-eabi/7.3.1/../../../../arm-none-eabi/lib/thumb/v7e-m/fpv4-sp/hard/crt0.o (exit)
c:/st/stm32cubeide_1.2.0/stm32cubeide/plugins/com.st.stm32cube.ide.mcu.externaltools.gnu-tools-for-stm32.7-2018-q2-update.win32_1.0.0.201904181610/tools/bin/../lib/gcc/arm-none-eabi/7.3.1/../../../../arm-none-eabi/lib/thumb/v7e-m/fpv4-sp/hard\libc_nano.a(lib_a-impure.o)
                              c:/st/stm32cubeide_1.2.0/stm32cubeide/plugins/com.st.stm32cube.ide.mcu.externaltools.gnu-tools-for-stm32.7-2018-q2-update.win32_1.0.0.201904181610/tools/bin/../lib/gcc/arm-none-eabi/7.3.1/../../../../arm-none-eabi/lib/thumb/v7e-m/fpv4-sp/hard\libc_nano.a(lib_a-exit.o) (_global_impure_ptr)
c:/st/stm32cubeide_1.2.0/stm32cubeide/plugins/com.st.stm32cube.ide.mcu.externaltools.gnu-tools-for-stm32.7-2018-q2-update.win32_1.0.0.201904181610/tools/bin/../lib/gcc/arm-none-eabi/7.3.1/../../../../arm-none-eabi/lib/thumb/v7e-m/fpv4-sp/hard\libc_nano.a(lib_a-init.o)
                              c:/st/stm32cubeide_1.2.0/stm32cubeide/plugins/com.st.stm32cube.ide.mcu.externaltools.gnu-tools-for-stm32.7-2018-q2-update.win32_1.0.0.201904181610/tools/bin/../lib/gcc/arm-none-eabi/7.3.1/../../../../arm-none-eabi/lib/thumb/v7e-m/fpv4-sp/hard/crt0.o (__libc_init_array)
c:/st/stm32cubeide_1.2.0/stm32cubeide/plugins/com.st.stm32cube.ide.mcu.externaltools.gnu-tools-for-stm32.7-2018-q2-update.win32_1.0.0.201904181610/tools/bin/../lib/gcc/arm-none-eabi/7.3.1/../../../../arm-none-eabi/lib/thumb/v7e-m/fpv4-sp/hard\libc_nano.a(lib_a-memset.o)
                              c:/st/stm32cubeide_1.2.0/stm32cubeide/plugins/com.st.stm32cube.ide.mcu.externaltools.gnu-tools-for-stm32.7-2018-q2-update.win32_1.0.0.201904181610/tools/bin/../lib/gcc/arm-none-eabi/7.3.1/../../../../arm-none-eabi/lib/thumb/v7e-m/fpv4-sp/hard/crt0.o (memset)
c:/st/stm32cubeide_1.2.0/stm32cubeide/plugins/com.st.stm32cube.ide.mcu.externaltools.gnu-tools-for-stm32.7-2018-q2-update.win32_1.0.0.201904181610/tools/bin/../lib/gcc/arm-none-eabi/7.3.1/thumb/v7e-m/fpv4-sp/hard\libgcc.a(_arm_addsubdf3.o)
                              Core/Src/main.o (__aeabi_dadd)
c:/st/stm32cubeide_1.2.0/stm32cubeide/plugins/com.st.stm32cube.ide.mcu.externaltools.gnu-tools-for-stm32.7-2018-q2-update.win32_1.0.0.201904181610/tools/bin/../lib/gcc/arm-none-eabi/7.3.1/thumb/v7e-m/fpv4-sp/hard\libgcc.a(_arm_muldivdf3.o)
                              Core/Src/main.o (__aeabi_dmul)
c:/st/stm32cubeide_1.2.0/stm32cubeide/plugins/com.st.stm32cube.ide.mcu.externaltools.gnu-tools-for-stm32.7-2018-q2-update.win32_1.0.0.201904181610/tools/bin/../lib/gcc/arm-none-eabi/7.3.1/thumb/v7e-m/fpv4-sp/hard\libgcc.a(_arm_truncdfsf2.o)
                              Core/Src/main.o (__aeabi_d2f)
c:/st/stm32cubeide_1.2.0/stm32cubeide/plugins/com.st.stm32cube.ide.mcu.externaltools.gnu-tools-for-stm32.7-2018-q2-update.win32_1.0.0.201904181610/tools/bin/../lib/gcc/arm-none-eabi/7.3.1/thumb/v7e-m/fpv4-sp/hard\libgcc.a(_aeabi_uldivmod.o)
                              Drivers/STM32F4xx_HAL_Driver/Src/stm32f4xx_hal_rcc.o (__aeabi_uldivmod)
c:/st/stm32cubeide_1.2.0/stm32cubeide/plugins/com.st.stm32cube.ide.mcu.externaltools.gnu-tools-for-stm32.7-2018-q2-update.win32_1.0.0.201904181610/tools/bin/../lib/gcc/arm-none-eabi/7.3.1/thumb/v7e-m/fpv4-sp/hard\libgcc.a(_udivmoddi4.o)
                              c:/st/stm32cubeide_1.2.0/stm32cubeide/plugins/com.st.stm32cube.ide.mcu.externaltools.gnu-tools-for-stm32.7-2018-q2-update.win32_1.0.0.201904181610/tools/bin/../lib/gcc/arm-none-eabi/7.3.1/thumb/v7e-m/fpv4-sp/hard\libgcc.a(_aeabi_uldivmod.o) (__udivmoddi4)
c:/st/stm32cubeide_1.2.0/stm32cubeide/plugins/com.st.stm32cube.ide.mcu.externaltools.gnu-tools-for-stm32.7-2018-q2-update.win32_1.0.0.201904181610/tools/bin/../lib/gcc/arm-none-eabi/7.3.1/thumb/v7e-m/fpv4-sp/hard\libgcc.a(_dvmd_tls.o)
                              c:/st/stm32cubeide_1.2.0/stm32cubeide/plugins/com.st.stm32cube.ide.mcu.externaltools.gnu-tools-for-stm32.7-2018-q2-update.win32_1.0.0.201904181610/tools/bin/../lib/gcc/arm-none-eabi/7.3.1/thumb/v7e-m/fpv4-sp/hard\libgcc.a(_aeabi_uldivmod.o) (__aeabi_ldiv0)

Allocating common symbols
[...]
Memory Configuration

Name             Origin             Length             Attributes
CCMRAM           0x0000000010000000 0x0000000000010000 xrw
RAM              0x0000000020000000 0x0000000000020000 xrw
FLASH            0x0000000008000000 0x0000000000100000 xr
*default*        0x0000000000000000 0xffffffffffffffff

Linker script and memory map

LOAD c:/st/stm32cubeide_1.2.0/stm32cubeide/plugins/com.st.stm32cube.ide.mcu.externaltools.gnu-tools-for-stm32.7-2018-q2-update.win32_1.0.0.201904181610/tools/bin/../lib/gcc/arm-none-eabi/7.3.1/thumb/v7e-m/fpv4-sp/hard/crti.o
LOAD c:/st/stm32cubeide_1.2.0/stm32cubeide/plugins/com.st.stm32cube.ide.mcu.externaltools.gnu-tools-for-stm32.7-2018-q2-update.win32_1.0.0.201904181610/tools/bin/../lib/gcc/arm-none-eabi/7.3.1/thumb/v7e-m/fpv4-sp/hard/crtbegin.o
LOAD c:/st/stm32cubeide_1.2.0/stm32cubeide/plugins/com.st.stm32cube.ide.mcu.externaltools.gnu-tools-for-stm32.7-2018-q2-update.win32_1.0.0.201904181610/tools/bin/../lib/gcc/arm-none-eabi/7.3.1/../../../../arm-none-eabi/lib/thumb/v7e-m/fpv4-sp/hard/crt0.o
LOAD Core/Src/gpio.o
LOAD Core/Src/i2c.o
LOAD Core/Src/main.o
LOAD Core/Src/stm32f4xx_hal_msp.o
LOAD Core/Src/stm32f4xx_it.o
LOAD Core/Src/syscalls.o
LOAD Core/Src/sysmem.o
LOAD Core/Src/system_stm32f4xx.o
LOAD Core/Startup/startup_stm32f405rgtx.o
LOAD Drivers/STM32F4xx_HAL_Driver/Src/stm32f4xx_hal.o
LOAD Drivers/STM32F4xx_HAL_Driver/Src/stm32f4xx_hal_cortex.o
LOAD Drivers/STM32F4xx_HAL_Driver/Src/stm32f4xx_hal_dma.o
LOAD Drivers/STM32F4xx_HAL_Driver/Src/stm32f4xx_hal_dma_ex.o
LOAD Drivers/STM32F4xx_HAL_Driver/Src/stm32f4xx_hal_exti.o
LOAD Drivers/STM32F4xx_HAL_Driver/Src/stm32f4xx_hal_flash.o
LOAD Drivers/STM32F4xx_HAL_Driver/Src/stm32f4xx_hal_flash_ex.o
LOAD Drivers/STM32F4xx_HAL_Driver/Src/stm32f4xx_hal_flash_ramfunc.o
LOAD Drivers/STM32F4xx_HAL_Driver/Src/stm32f4xx_hal_gpio.o
LOAD Drivers/STM32F4xx_HAL_Driver/Src/stm32f4xx_hal_i2c.o
LOAD Drivers/STM32F4xx_HAL_Driver/Src/stm32f4xx_hal_i2c_ex.o
LOAD Drivers/STM32F4xx_HAL_Driver/Src/stm32f4xx_hal_pwr.o
LOAD Drivers/STM32F4xx_HAL_Driver/Src/stm32f4xx_hal_pwr_ex.o
LOAD Drivers/STM32F4xx_HAL_Driver/Src/stm32f4xx_hal_rcc.o
LOAD Drivers/STM32F4xx_HAL_Driver/Src/stm32f4xx_hal_rcc_ex.o
LOAD Drivers/STM32F4xx_HAL_Driver/Src/stm32f4xx_hal_tim.o
LOAD Drivers/STM32F4xx_HAL_Driver/Src/stm32f4xx_hal_tim_ex.o
START GROUP
LOAD c:/st/stm32cubeide_1.2.0/stm32cubeide/plugins/com.st.stm32cube.ide.mcu.externaltools.gnu-tools-for-stm32.7-2018-q2-update.win32_1.0.0.201904181610/tools/bin/../lib/gcc/arm-none-eabi/7.3.1/../../../../arm-none-eabi/lib/thumb/v7e-m/fpv4-sp/hard\libc_nano.a
LOAD c:/st/stm32cubeide_1.2.0/stm32cubeide/plugins/com.st.stm32cube.ide.mcu.externaltools.gnu-tools-for-stm32.7-2018-q2-update.win32_1.0.0.201904181610/tools/bin/../lib/gcc/arm-none-eabi/7.3.1/../../../../arm-none-eabi/lib/thumb/v7e-m/fpv4-sp/hard\libm.a
END GROUP
START GROUP
LOAD c:/st/stm32cubeide_1.2.0/stm32cubeide/plugins/com.st.stm32cube.ide.mcu.externaltools.gnu-tools-for-stm32.7-2018-q2-update.win32_1.0.0.201904181610/tools/bin/../lib/gcc/arm-none-eabi/7.3.1/thumb/v7e-m/fpv4-sp/hard\libgcc.a
LOAD c:/st/stm32cubeide_1.2.0/stm32cubeide/plugins/com.st.stm32cube.ide.mcu.externaltools.gnu-tools-for-stm32.7-2018-q2-update.win32_1.0.0.201904181610/tools/bin/../lib/gcc/arm-none-eabi/7.3.1/../../../../arm-none-eabi/lib/thumb/v7e-m/fpv4-sp/hard\libc_nano.a
END GROUP
START GROUP
LOAD c:/st/stm32cubeide_1.2.0/stm32cubeide/plugins/com.st.stm32cube.ide.mcu.externaltools.gnu-tools-for-stm32.7-2018-q2-update.win32_1.0.0.201904181610/tools/bin/../lib/gcc/arm-none-eabi/7.3.1/thumb/v7e-m/fpv4-sp/hard\libgcc.a
LOAD c:/st/stm32cubeide_1.2.0/stm32cubeide/plugins/com.st.stm32cube.ide.mcu.externaltools.gnu-tools-for-stm32.7-2018-q2-update.win32_1.0.0.201904181610/tools/bin/../lib/gcc/arm-none-eabi/7.3.1/../../../../arm-none-eabi/lib/thumb/v7e-m/fpv4-sp/hard\libc_nano.a
LOAD c:/st/stm32cubeide_1.2.0/stm32cubeide/plugins/com.st.stm32cube.ide.mcu.externaltools.gnu-tools-for-stm32.7-2018-q2-update.win32_1.0.0.201904181610/tools/bin/../lib/gcc/arm-none-eabi/7.3.1/../../../../arm-none-eabi/lib/thumb/v7e-m/fpv4-sp/hard\libnosys.a
END GROUP
START GROUP
LOAD c:/st/stm32cubeide_1.2.0/stm32cubeide/plugins/com.st.stm32cube.ide.mcu.externaltools.gnu-tools-for-stm32.7-2018-q2-update.win32_1.0.0.201904181610/tools/bin/../lib/gcc/arm-none-eabi/7.3.1/thumb/v7e-m/fpv4-sp/hard\libgcc.a
LOAD c:/st/stm32cubeide_1.2.0/stm32cubeide/plugins/com.st.stm32cube.ide.mcu.externaltools.gnu-tools-for-stm32.7-2018-q2-update.win32_1.0.0.201904181610/tools/bin/../lib/gcc/arm-none-eabi/7.3.1/../../../../arm-none-eabi/lib/thumb/v7e-m/fpv4-sp/hard\libc_nano.a
LOAD c:/st/stm32cubeide_1.2.0/stm32cubeide/plugins/com.st.stm32cube.ide.mcu.externaltools.gnu-tools-for-stm32.7-2018-q2-update.win32_1.0.0.201904181610/tools/bin/../lib/gcc/arm-none-eabi/7.3.1/../../../../arm-none-eabi/lib/thumb/v7e-m/fpv4-sp/hard\libnosys.a
END GROUP
LOAD c:/st/stm32cubeide_1.2.0/stm32cubeide/plugins/com.st.stm32cube.ide.mcu.externaltools.gnu-tools-for-stm32.7-2018-q2-update.win32_1.0.0.201904181610/tools/bin/../lib/gcc/arm-none-eabi/7.3.1/thumb/v7e-m/fpv4-sp/hard/crtend.o
LOAD c:/st/stm32cubeide_1.2.0/stm32cubeide/plugins/com.st.stm32cube.ide.mcu.externaltools.gnu-tools-for-stm32.7-2018-q2-update.win32_1.0.0.201904181610/tools/bin/../lib/gcc/arm-none-eabi/7.3.1/thumb/v7e-m/fpv4-sp/hard/crtn.o
                0x0000000020020000                _estack = (ORIGIN (RAM) + LENGTH (RAM))
                0x0000000000000200                _Min_Heap_Size = 0x200
                0x0000000000000400                _Min_Stack_Size = 0x400

.isr_vector     0x0000000008000000      0x188
                0x0000000008000000                . = ALIGN (0x4)
 *(.isr_vector)
 .isr_vector    0x0000000008000000      0x188 Core/Startup/startup_stm32f405rgtx.o
                0x0000000008000000                g_pfnVectors
                0x0000000008000188                . = ALIGN (0x4)

.text           0x0000000008000188     0x315c
                0x0000000008000188                . = ALIGN (0x4)
 *(.text)
 .text          0x0000000008000188       0x40 c:/st/stm32cubeide_1.2.0/stm32cubeide/plugins/com.st.stm32cube.ide.mcu.externaltools.gnu-tools-for-stm32.7-2018-q2-update.win32_1.0.0.201904181610/tools/bin/../lib/gcc/arm-none-eabi/7.3.1/thumb/v7e-m/fpv4-sp/hard/crtbegin.o
 .text          0x00000000080001c8      0x378 c:/st/stm32cubeide_1.2.0/stm32cubeide/plugins/com.st.stm32cube.ide.mcu.externaltools.gnu-tools-for-stm32.7-2018-q2-update.win32_1.0.0.201904181610/tools/bin/../lib/gcc/arm-none-eabi/7.3.1/thumb/v7e-m/fpv4-sp/hard\libgcc.a(_arm_addsubdf3.o)
                0x00000000080001c8                __aeabi_drsub
                0x00000000080001d0                __aeabi_dsub
                0x00000000080001d0                __subdf3
                0x00000000080001d4                __aeabi_dadd
                0x00000000080001d4                __adddf3
                0x000000000800044c                __floatunsidf
                0x000000000800044c                __aeabi_ui2d
                0x000000000800046c                __floatsidf
                0x000000000800046c                __aeabi_i2d
                0x0000000008000490                __aeabi_f2d
                0x0000000008000490                __extendsfdf2
                0x00000000080004d4                __floatundidf
                0x00000000080004d4                __aeabi_ul2d
                0x00000000080004e4                __floatdidf
                0x00000000080004e4                __aeabi_l2d
 .text          0x0000000008000540      0x424 c:/st/stm32cubeide_1.2.0/stm32cubeide/plugins/com.st.stm32cube.ide.mcu.externaltools.gnu-tools-for-stm32.7-2018-q2-update.win32_1.0.0.201904181610/tools/bin/../lib/gcc/arm-none-eabi/7.3.1/thumb/v7e-m/fpv4-sp/hard\libgcc.a(_arm_muldivdf3.o)
                0x0000000008000540                __aeabi_dmul
                0x0000000008000540                __muldf3
                0x0000000008000794                __divdf3
                0x0000000008000794                __aeabi_ddiv
 .text          0x0000000008000964       0xa0 c:/st/stm32cubeide_1.2.0/stm32cubeide/plugins/com.st.stm32cube.ide.mcu.externaltools.gnu-tools-for-stm32.7-2018-q2-update.win32_1.0.0.201904181610/tools/bin/../lib/gcc/arm-none-eabi/7.3.1/thumb/v7e-m/fpv4-sp/hard\libgcc.a(_arm_truncdfsf2.o)
                0x0000000008000964                __truncdfsf2
                0x0000000008000964                __aeabi_d2f
 .text          0x0000000008000a04       0x30 c:/st/stm32cubeide_1.2.0/stm32cubeide/plugins/com.st.stm32cube.ide.mcu.externaltools.gnu-tools-for-stm32.7-2018-q2-update.win32_1.0.0.201904181610/tools/bin/../lib/gcc/arm-none-eabi/7.3.1/thumb/v7e-m/fpv4-sp/hard\libgcc.a(_aeabi_uldivmod.o)
                0x0000000008000a04                __aeabi_uldivmod
 .text          0x0000000008000a34      0x2cc c:/st/stm32cubeide_1.2.0/stm32cubeide/plugins/com.st.stm32cube.ide.mcu.externaltools.gnu-tools-for-stm32.7-2018-q2-update.win32_1.0.0.201904181610/tools/bin/../lib/gcc/arm-none-eabi/7.3.1/thumb/v7e-m/fpv4-sp/hard\libgcc.a(_udivmoddi4.o)
                0x0000000008000a34                __udivmoddi4
 .text          0x0000000008000d00        0x4 c:/st/stm32cubeide_1.2.0/stm32cubeide/plugins/com.st.stm32cube.ide.mcu.externaltools.gnu-tools-for-stm32.7-2018-q2-update.win32_1.0.0.201904181610/tools/bin/../lib/gcc/arm-none-eabi/7.3.1/thumb/v7e-m/fpv4-sp/hard\libgcc.a(_dvmd_tls.o)
                0x0000000008000d00                __aeabi_idiv0
                0x0000000008000d00                __aeabi_ldiv0
 *(.text*)
 .text.MX_GPIO_Init
                0x0000000008000d04       0xa0 Core/Src/gpio.o
                0x0000000008000d04                MX_GPIO_Init
 .text.MX_I2C1_Init
                0x0000000008000da4       0x5c Core/Src/i2c.o
                0x0000000008000da4                MX_I2C1_Init
 .text.HAL_I2C_MspInit
                0x0000000008000e00       0xac Core/Src/i2c.o
                0x0000000008000e00                HAL_I2C_MspInit
 .text.main     0x0000000008000eac      0x234 Core/Src/main.o
                0x0000000008000eac                main
 .text.SystemClock_Config
                0x00000000080010e0       0xd4 Core/Src/main.o
                0x00000000080010e0                SystemClock_Config
 *fill*         0x00000000080011b4        0x4 
 .text.calcLinearAccel
                0x00000000080011b8       0x84 Core/Src/main.o
                0x00000000080011b8                calcLinearAccel
 .text.calcGyro
                0x000000000800123c       0xa0 Core/Src/main.o
                0x000000000800123c                calcGyro
 .text.twosComp2ByteToSignedInt
                0x00000000080012dc       0x36 Core/Src/main.o
                0x00000000080012dc                twosComp2ByteToSignedInt
 .text.Error_Handler
                0x0000000008001312        0xe Core/Src/main.o
                0x0000000008001312                Error_Handler
 .text.HAL_MspInit
                0x0000000008001320       0x50 Core/Src/stm32f4xx_hal_msp.o
                0x0000000008001320                HAL_MspInit
 .text.NMI_Handler
                0x0000000008001370        0xe Core/Src/stm32f4xx_it.o
                0x0000000008001370                NMI_Handler
 .text.HardFault_Handler
                0x000000000800137e        0x6 Core/Src/stm32f4xx_it.o
                0x000000000800137e                HardFault_Handler
 .text.MemManage_Handler
                0x0000000008001384        0x6 Core/Src/stm32f4xx_it.o
                0x0000000008001384                MemManage_Handler
 .text.BusFault_Handler
                0x000000000800138a        0x6 Core/Src/stm32f4xx_it.o
                0x000000000800138a                BusFault_Handler
 .text.UsageFault_Handler
                0x0000000008001390        0x6 Core/Src/stm32f4xx_it.o
                0x0000000008001390                UsageFault_Handler
 .text.SVC_Handler
                0x0000000008001396        0xe Core/Src/stm32f4xx_it.o
                0x0000000008001396                SVC_Handler
 .text.DebugMon_Handler
                0x00000000080013a4        0xe Core/Src/stm32f4xx_it.o
                0x00000000080013a4                DebugMon_Handler
 .text.PendSV_Handler
                0x00000000080013b2        0xe Core/Src/stm32f4xx_it.o
                0x00000000080013b2                PendSV_Handler
 .text.SysTick_Handler
                0x00000000080013c0        0xc Core/Src/stm32f4xx_it.o
                0x00000000080013c0                SysTick_Handler
 .text.SystemInit
                0x00000000080013cc       0x2c Core/Src/system_stm32f4xx.o
                0x00000000080013cc                SystemInit
 .text.Reset_Handler
                0x00000000080013f8       0x50 Core/Startup/startup_stm32f405rgtx.o
                0x00000000080013f8                Reset_Handler
 .text.Default_Handler
                0x0000000008001448        0x2 Core/Startup/startup_stm32f405rgtx.o
                0x0000000008001448                RTC_Alarm_IRQHandler
                0x0000000008001448                HASH_RNG_IRQHandler
                0x0000000008001448                EXTI2_IRQHandler
                0x0000000008001448                TIM8_CC_IRQHandler
                0x0000000008001448                TIM1_CC_IRQHandler
                0x0000000008001448                DMA2_Stream5_IRQHandler
                0x0000000008001448                DMA1_Stream5_IRQHandler
                0x0000000008001448                PVD_IRQHandler
                0x0000000008001448                SDIO_IRQHandler
                0x0000000008001448                TAMP_STAMP_IRQHandler
                0x0000000008001448                CAN2_RX1_IRQHandler
                0x0000000008001448                EXTI3_IRQHandler
                0x0000000008001448                TIM8_TRG_COM_TIM14_IRQHandler
                0x0000000008001448                TIM1_UP_TIM10_IRQHandler
                0x0000000008001448                TIM8_UP_TIM13_IRQHandler
                0x0000000008001448                I2C3_ER_IRQHandler
                0x0000000008001448                EXTI0_IRQHandler
                0x0000000008001448                I2C2_EV_IRQHandler
                0x0000000008001448                DMA1_Stream2_IRQHandler
                0x0000000008001448                CAN1_RX0_IRQHandler
                0x0000000008001448                FPU_IRQHandler
                0x0000000008001448                OTG_HS_WKUP_IRQHandler
                0x0000000008001448                CAN2_SCE_IRQHandler
                0x0000000008001448                DMA2_Stream2_IRQHandler
                0x0000000008001448                SPI1_IRQHandler
                0x0000000008001448                TIM6_DAC_IRQHandler
                0x0000000008001448                TIM1_BRK_TIM9_IRQHandler
                0x0000000008001448                CAN2_RX0_IRQHandler
                0x0000000008001448                DMA2_Stream3_IRQHandler
                0x0000000008001448                USART6_IRQHandler
                0x0000000008001448                USART3_IRQHandler
                0x0000000008001448                CAN1_RX1_IRQHandler
                0x0000000008001448                UART5_IRQHandler
                0x0000000008001448                DMA2_Stream0_IRQHandler
                0x0000000008001448                TIM4_IRQHandler
                0x0000000008001448                I2C1_EV_IRQHandler
                0x0000000008001448                DMA1_Stream6_IRQHandler
                0x0000000008001448                DMA1_Stream1_IRQHandler
                0x0000000008001448                UART4_IRQHandler
                0x0000000008001448                TIM3_IRQHandler
                0x0000000008001448                RCC_IRQHandler
                0x0000000008001448                TIM8_BRK_TIM12_IRQHandler
                0x0000000008001448                Default_Handler
                0x0000000008001448                EXTI15_10_IRQHandler
                0x0000000008001448                ADC_IRQHandler
                0x0000000008001448                DMA1_Stream7_IRQHandler
                0x0000000008001448                TIM7_IRQHandler
                0x0000000008001448                CAN2_TX_IRQHandler
                0x0000000008001448                TIM5_IRQHandler
                0x0000000008001448                DMA2_Stream7_IRQHandler
                0x0000000008001448                I2C3_EV_IRQHandler
                0x0000000008001448                EXTI9_5_IRQHandler
                0x0000000008001448                RTC_WKUP_IRQHandler
                0x0000000008001448                SPI2_IRQHandler
                0x0000000008001448                OTG_HS_EP1_IN_IRQHandler
                0x0000000008001448                DMA1_Stream0_IRQHandler
                0x0000000008001448                CAN1_TX_IRQHandler
                0x0000000008001448                EXTI4_IRQHandler
                0x0000000008001448                FSMC_IRQHandler
                0x0000000008001448                OTG_HS_EP1_OUT_IRQHandler
                0x0000000008001448                WWDG_IRQHandler
                0x0000000008001448                TIM2_IRQHandler
                0x0000000008001448                OTG_FS_WKUP_IRQHandler
                0x0000000008001448                TIM1_TRG_COM_TIM11_IRQHandler
                0x0000000008001448                OTG_HS_IRQHandler
                0x0000000008001448                EXTI1_IRQHandler
                0x0000000008001448                USART2_IRQHandler
                0x0000000008001448                I2C2_ER_IRQHandler
                0x0000000008001448                DMA2_Stream1_IRQHandler
                0x0000000008001448                CAN1_SCE_IRQHandler
                0x0000000008001448                FLASH_IRQHandler
                0x0000000008001448                DMA2_Stream4_IRQHandler
                0x0000000008001448                USART1_IRQHandler
                0x0000000008001448                OTG_FS_IRQHandler
                0x0000000008001448                SPI3_IRQHandler
                0x0000000008001448                DMA1_Stream4_IRQHandler
                0x0000000008001448                I2C1_ER_IRQHandler
                0x0000000008001448                DMA2_Stream6_IRQHandler
                0x0000000008001448                DMA1_Stream3_IRQHandler
 *fill*         0x000000000800144a        0x2 
 .text.HAL_Init
                0x000000000800144c       0x44 Drivers/STM32F4xx_HAL_Driver/Src/stm32f4xx_hal.o
                0x000000000800144c                HAL_Init
 .text.HAL_InitTick
                0x0000000008001490       0x60 Drivers/STM32F4xx_HAL_Driver/Src/stm32f4xx_hal.o
                0x0000000008001490                HAL_InitTick
 .text.HAL_IncTick
                0x00000000080014f0       0x28 Drivers/STM32F4xx_HAL_Driver/Src/stm32f4xx_hal.o
                0x00000000080014f0                HAL_IncTick
 .text.HAL_GetTick
                0x0000000008001518       0x18 Drivers/STM32F4xx_HAL_Driver/Src/stm32f4xx_hal.o
                0x0000000008001518                HAL_GetTick
 .text.HAL_Delay
                0x0000000008001530       0x44 Drivers/STM32F4xx_HAL_Driver/Src/stm32f4xx_hal.o
                0x0000000008001530                HAL_Delay
 .text.__NVIC_SetPriorityGrouping
                0x0000000008001574       0x48 Drivers/STM32F4xx_HAL_Driver/Src/stm32f4xx_hal_cortex.o
 .text.__NVIC_GetPriorityGrouping
                0x00000000080015bc       0x1c Drivers/STM32F4xx_HAL_Driver/Src/stm32f4xx_hal_cortex.o
 .text.__NVIC_SetPriority
                0x00000000080015d8       0x54 Drivers/STM32F4xx_HAL_Driver/Src/stm32f4xx_hal_cortex.o
 .text.NVIC_EncodePriority
                0x000000000800162c       0x66 Drivers/STM32F4xx_HAL_Driver/Src/stm32f4xx_hal_cortex.o
 *fill*         0x0000000008001692        0x2 
 .text.SysTick_Config
                0x0000000008001694       0x44 Drivers/STM32F4xx_HAL_Driver/Src/stm32f4xx_hal_cortex.o
 .text.HAL_NVIC_SetPriorityGrouping
                0x00000000080016d8       0x16 Drivers/STM32F4xx_HAL_Driver/Src/stm32f4xx_hal_cortex.o
                0x00000000080016d8                HAL_NVIC_SetPriorityGrouping
 .text.HAL_NVIC_SetPriority
                0x00000000080016ee       0x38 Drivers/STM32F4xx_HAL_Driver/Src/stm32f4xx_hal_cortex.o
                0x00000000080016ee                HAL_NVIC_SetPriority
 .text.HAL_SYSTICK_Config
                0x0000000008001726       0x18 Drivers/STM32F4xx_HAL_Driver/Src/stm32f4xx_hal_cortex.o
                0x0000000008001726                HAL_SYSTICK_Config
 *fill*         0x000000000800173e        0x2 
 .text.HAL_GPIO_Init
                0x0000000008001740      0x334 Drivers/STM32F4xx_HAL_Driver/Src/stm32f4xx_hal_gpio.o
                0x0000000008001740                HAL_GPIO_Init
 .text.HAL_GPIO_WritePin
                0x0000000008001a74       0x32 Drivers/STM32F4xx_HAL_Driver/Src/stm32f4xx_hal_gpio.o
                0x0000000008001a74                HAL_GPIO_WritePin
 *fill*         0x0000000008001aa6        0x2 
 .text.HAL_I2C_Init
                0x0000000008001aa8      0x270 Drivers/STM32F4xx_HAL_Driver/Src/stm32f4xx_hal_i2c.o
                0x0000000008001aa8                HAL_I2C_Init
 .text.HAL_I2C_Mem_Write
                0x0000000008001d18      0x1f4 Drivers/STM32F4xx_HAL_Driver/Src/stm32f4xx_hal_i2c.o
                0x0000000008001d18                HAL_I2C_Mem_Write
 .text.HAL_I2C_Mem_Read
                0x0000000008001f0c      0x44c Drivers/STM32F4xx_HAL_Driver/Src/stm32f4xx_hal_i2c.o
                0x0000000008001f0c                HAL_I2C_Mem_Read
 .text.HAL_I2C_GetState
                0x0000000008002358       0x1c Drivers/STM32F4xx_HAL_Driver/Src/stm32f4xx_hal_i2c.o
                0x0000000008002358                HAL_I2C_GetState
 .text.I2C_RequestMemoryWrite
                0x0000000008002374      0x128 Drivers/STM32F4xx_HAL_Driver/Src/stm32f4xx_hal_i2c.o
 .text.I2C_RequestMemoryRead
                0x000000000800249c      0x1cc Drivers/STM32F4xx_HAL_Driver/Src/stm32f4xx_hal_i2c.o
 .text.I2C_WaitOnFlagUntilTimeout
                0x0000000008002668       0xae Drivers/STM32F4xx_HAL_Driver/Src/stm32f4xx_hal_i2c.o
 .text.I2C_WaitOnMasterAddressFlagUntilTimeout
                0x0000000008002716       0xfe Drivers/STM32F4xx_HAL_Driver/Src/stm32f4xx_hal_i2c.o
 .text.I2C_WaitOnTXEFlagUntilTimeout
                0x0000000008002814       0x82 Drivers/STM32F4xx_HAL_Driver/Src/stm32f4xx_hal_i2c.o
 .text.I2C_WaitOnBTFFlagUntilTimeout
                0x0000000008002896       0x82 Drivers/STM32F4xx_HAL_Driver/Src/stm32f4xx_hal_i2c.o
 .text.I2C_WaitOnRXNEFlagUntilTimeout
                0x0000000008002918       0xac Drivers/STM32F4xx_HAL_Driver/Src/stm32f4xx_hal_i2c.o
 .text.I2C_IsAcknowledgeFailed
                0x00000000080029c4       0x5e Drivers/STM32F4xx_HAL_Driver/Src/stm32f4xx_hal_i2c.o
 *fill*         0x0000000008002a22        0x2 
 .text.HAL_RCC_OscConfig
                0x0000000008002a24      0x4e0 Drivers/STM32F4xx_HAL_Driver/Src/stm32f4xx_hal_rcc.o
                0x0000000008002a24                HAL_RCC_OscConfig
 .text.HAL_RCC_ClockConfig
                0x0000000008002f04      0x1cc Drivers/STM32F4xx_HAL_Driver/Src/stm32f4xx_hal_rcc.o
                0x0000000008002f04                HAL_RCC_ClockConfig
 .text.HAL_RCC_GetSysClockFreq
                0x00000000080030d0      0x164 Drivers/STM32F4xx_HAL_Driver/Src/stm32f4xx_hal_rcc.o
                0x00000000080030d0                HAL_RCC_GetSysClockFreq
 .text.HAL_RCC_GetHCLKFreq
                0x0000000008003234       0x18 Drivers/STM32F4xx_HAL_Driver/Src/stm32f4xx_hal_rcc.o
                0x0000000008003234                HAL_RCC_GetHCLKFreq
 .text.HAL_RCC_GetPCLK1Freq
                0x000000000800324c       0x28 Drivers/STM32F4xx_HAL_Driver/Src/stm32f4xx_hal_rcc.o
                0x000000000800324c                HAL_RCC_GetPCLK1Freq
 .text.__libc_init_array
                0x0000000008003274       0x48 c:/st/stm32cubeide_1.2.0/stm32cubeide/plugins/com.st.stm32cube.ide.mcu.externaltools.gnu-tools-for-stm32.7-2018-q2-update.win32_1.0.0.201904181610/tools/bin/../lib/gcc/arm-none-eabi/7.3.1/../../../../arm-none-eabi/lib/thumb/v7e-m/fpv4-sp/hard\libc_nano.a(lib_a-init.o)
                0x0000000008003274                __libc_init_array
 .text.memset   0x00000000080032bc       0x10 c:/st/stm32cubeide_1.2.0/stm32cubeide/plugins/com.st.stm32cube.ide.mcu.externaltools.gnu-tools-for-stm32.7-2018-q2-update.win32_1.0.0.201904181610/tools/bin/../lib/gcc/arm-none-eabi/7.3.1/../../../../arm-none-eabi/lib/thumb/v7e-m/fpv4-sp/hard\libc_nano.a(lib_a-memset.o)
                0x00000000080032bc                memset
 *(.glue_7)
 .glue_7        0x00000000080032cc        0x0 linker stubs
 *(.glue_7t)
 .glue_7t       0x00000000080032cc        0x0 linker stubs
 *(.eh_frame)
 .eh_frame      0x00000000080032cc        0x0 c:/st/stm32cubeide_1.2.0/stm32cubeide/plugins/com.st.stm32cube.ide.mcu.externaltools.gnu-tools-for-stm32.7-2018-q2-update.win32_1.0.0.201904181610/tools/bin/../lib/gcc/arm-none-eabi/7.3.1/thumb/v7e-m/fpv4-sp/hard/crtbegin.o
 *(.init)
 .init          0x00000000080032cc        0x4 c:/st/stm32cubeide_1.2.0/stm32cubeide/plugins/com.st.stm32cube.ide.mcu.externaltools.gnu-tools-for-stm32.7-2018-q2-update.win32_1.0.0.201904181610/tools/bin/../lib/gcc/arm-none-eabi/7.3.1/thumb/v7e-m/fpv4-sp/hard/crti.o
                0x00000000080032cc                _init
 .init          0x00000000080032d0        0x8 c:/st/stm32cubeide_1.2.0/stm32cubeide/plugins/com.st.stm32cube.ide.mcu.externaltools.gnu-tools-for-stm32.7-2018-q2-update.win32_1.0.0.201904181610/tools/bin/../lib/gcc/arm-none-eabi/7.3.1/thumb/v7e-m/fpv4-sp/hard/crtn.o
 *(.fini)
 .fini          0x00000000080032d8        0x4 c:/st/stm32cubeide_1.2.0/stm32cubeide/plugins/com.st.stm32cube.ide.mcu.externaltools.gnu-tools-for-stm32.7-2018-q2-update.win32_1.0.0.201904181610/tools/bin/../lib/gcc/arm-none-eabi/7.3.1/thumb/v7e-m/fpv4-sp/hard/crti.o
                0x00000000080032d8                _fini
 .fini          0x00000000080032dc        0x8 c:/st/stm32cubeide_1.2.0/stm32cubeide/plugins/com.st.stm32cube.ide.mcu.externaltools.gnu-tools-for-stm32.7-2018-q2-update.win32_1.0.0.201904181610/tools/bin/../lib/gcc/arm-none-eabi/7.3.1/thumb/v7e-m/fpv4-sp/hard/crtn.o
                0x00000000080032e4                . = ALIGN (0x4)
                0x00000000080032e4                _etext = .

.vfp11_veneer   0x00000000080032e4        0x0
 .vfp11_veneer  0x00000000080032e4        0x0 linker stubs

.v4_bx          0x00000000080032e4        0x0
 .v4_bx         0x00000000080032e4        0x0 linker stubs

.iplt           0x00000000080032e4        0x0
 .iplt          0x00000000080032e4        0x0 c:/st/stm32cubeide_1.2.0/stm32cubeide/plugins/com.st.stm32cube.ide.mcu.externaltools.gnu-tools-for-stm32.7-2018-q2-update.win32_1.0.0.201904181610/tools/bin/../lib/gcc/arm-none-eabi/7.3.1/thumb/v7e-m/fpv4-sp/hard/crtbegin.o

.rodata         0x00000000080032e4       0x28
                0x00000000080032e4                . = ALIGN (0x4)
 *(.rodata)
 .rodata        0x00000000080032e4        0xf Core/Src/main.o
 *(.rodata*)
 *fill*         0x00000000080032f3        0x1 
 .rodata.AHBPrescTable
                0x00000000080032f4       0x10 Core/Src/system_stm32f4xx.o
                0x00000000080032f4                AHBPrescTable
 .rodata.APBPrescTable
                0x0000000008003304        0x8 Core/Src/system_stm32f4xx.o
                0x0000000008003304                APBPrescTable
                0x000000000800330c                . = ALIGN (0x4)

.ARM.extab      0x000000000800330c        0x0
                0x000000000800330c                . = ALIGN (0x4)
 *(.ARM.extab* .gnu.linkonce.armextab.*)
                0x000000000800330c                . = ALIGN (0x4)

.ARM            0x000000000800330c        0x8
                0x000000000800330c                . = ALIGN (0x4)
                0x000000000800330c                __exidx_start = .
 *(.ARM.exidx*)
 .ARM.exidx     0x000000000800330c        0x8 c:/st/stm32cubeide_1.2.0/stm32cubeide/plugins/com.st.stm32cube.ide.mcu.externaltools.gnu-tools-for-stm32.7-2018-q2-update.win32_1.0.0.201904181610/tools/bin/../lib/gcc/arm-none-eabi/7.3.1/thumb/v7e-m/fpv4-sp/hard\libgcc.a(_udivmoddi4.o)
                0x0000000008003314                __exidx_end = .
                0x0000000008003314                . = ALIGN (0x4)

.rel.dyn        0x0000000008003314        0x0
 .rel.iplt      0x0000000008003314        0x0 c:/st/stm32cubeide_1.2.0/stm32cubeide/plugins/com.st.stm32cube.ide.mcu.externaltools.gnu-tools-for-stm32.7-2018-q2-update.win32_1.0.0.201904181610/tools/bin/../lib/gcc/arm-none-eabi/7.3.1/thumb/v7e-m/fpv4-sp/hard/crtbegin.o

.preinit_array  0x0000000008003314        0x0
                0x0000000008003314                . = ALIGN (0x4)
                0x0000000008003314                PROVIDE (__preinit_array_start = .)
 *(.preinit_array*)
                0x0000000008003314                PROVIDE (__preinit_array_end = .)
                0x0000000008003314                . = ALIGN (0x4)

.init_array     0x0000000008003314        0x4
                0x0000000008003314                . = ALIGN (0x4)
                0x0000000008003314                PROVIDE (__init_array_start = .)
 *(SORT_BY_NAME(.init_array.*))
 *(.init_array*)
 .init_array    0x0000000008003314        0x4 c:/st/stm32cubeide_1.2.0/stm32cubeide/plugins/com.st.stm32cube.ide.mcu.externaltools.gnu-tools-for-stm32.7-2018-q2-update.win32_1.0.0.201904181610/tools/bin/../lib/gcc/arm-none-eabi/7.3.1/thumb/v7e-m/fpv4-sp/hard/crtbegin.o
                0x0000000008003318                PROVIDE (__init_array_end = .)
                0x0000000008003318                . = ALIGN (0x4)

.fini_array     0x0000000008003318        0x4
                0x0000000008003318                . = ALIGN (0x4)
                [!provide]                        PROVIDE (__fini_array_start = .)
 *(SORT_BY_NAME(.fini_array.*))
 *(.fini_array*)
 .fini_array    0x0000000008003318        0x4 c:/st/stm32cubeide_1.2.0/stm32cubeide/plugins/com.st.stm32cube.ide.mcu.externaltools.gnu-tools-for-stm32.7-2018-q2-update.win32_1.0.0.201904181610/tools/bin/../lib/gcc/arm-none-eabi/7.3.1/thumb/v7e-m/fpv4-sp/hard/crtbegin.o
                [!provide]                        PROVIDE (__fini_array_end = .)
                0x000000000800331c                . = ALIGN (0x4)
                0x000000000800331c                _sidata = LOADADDR (.data)

.data           0x0000000020000000        0xc load address 0x000000000800331c
                0x0000000020000000                . = ALIGN (0x4)
                0x0000000020000000                _sdata = .
 *(.data)
 *(.data*)
 .data.SystemCoreClock
                0x0000000020000000        0x4 Core/Src/system_stm32f4xx.o
                0x0000000020000000                SystemCoreClock
 .data.uwTickPrio
                0x0000000020000004        0x4 Drivers/STM32F4xx_HAL_Driver/Src/stm32f4xx_hal.o
                0x0000000020000004                uwTickPrio
 .data.uwTickFreq
                0x0000000020000008        0x1 Drivers/STM32F4xx_HAL_Driver/Src/stm32f4xx_hal.o
                0x0000000020000008                uwTickFreq
                0x000000002000000c                . = ALIGN (0x4)
 *fill*         0x0000000020000009        0x3 
                0x000000002000000c                _edata = .

.igot.plt       0x000000002000000c        0x0 load address 0x0000000008003328
 .igot.plt      0x000000002000000c        0x0 c:/st/stm32cubeide_1.2.0/stm32cubeide/plugins/com.st.stm32cube.ide.mcu.externaltools.gnu-tools-for-stm32.7-2018-q2-update.win32_1.0.0.201904181610/tools/bin/../lib/gcc/arm-none-eabi/7.3.1/thumb/v7e-m/fpv4-sp/hard/crtbegin.o
                0x000000002000000c                . = ALIGN (0x4)

.bss            0x000000002000000c       0xb0 load address 0x0000000008003328
                0x000000002000000c                _sbss = .
                0x000000002000000c                __bss_start__ = _sbss
 *(.bss)
 .bss           0x000000002000000c       0x1c c:/st/stm32cubeide_1.2.0/stm32cubeide/plugins/com.st.stm32cube.ide.mcu.externaltools.gnu-tools-for-stm32.7-2018-q2-update.win32_1.0.0.201904181610/tools/bin/../lib/gcc/arm-none-eabi/7.3.1/thumb/v7e-m/fpv4-sp/hard/crtbegin.o
 *(.bss*)
 *(COMMON)
 COMMON         0x0000000020000028       0x54 Core/Src/i2c.o
                0x0000000020000028                hi2c1
 COMMON         0x000000002000007c       0x39 Core/Src/main.o
                0x000000002000007c                LSMwrite
                0x0000000020000084                linearAccelData
                0x000000002000008c                angularRate
                0x0000000020000098                temperature
                0x000000002000009c                temperatureData
                0x00000000200000a0                angularRateData
                0x00000000200000a8                linearAccel
                0x00000000200000b4                i2cStats
 *fill*         0x00000000200000b5        0x3 
 COMMON         0x00000000200000b8        0x4 Drivers/STM32F4xx_HAL_Driver/Src/stm32f4xx_hal.o
                0x00000000200000b8                uwTick
                0x00000000200000bc                . = ALIGN (0x4)
                0x00000000200000bc                _ebss = .
                0x00000000200000bc                __bss_end__ = _ebss

._user_heap_stack
                0x00000000200000bc      0x604 load address 0x0000000008003328
                0x00000000200000c0                . = ALIGN (0x8)
 *fill*         0x00000000200000bc        0x4 
                0x00000000200000c0                PROVIDE (end = .)
                [!provide]                        PROVIDE (_end = .)
                0x00000000200002c0                . = (. + _Min_Heap_Size)
 *fill*         0x00000000200000c0      0x200 
                0x00000000200006c0                . = (. + _Min_Stack_Size)
 *fill*         0x00000000200002c0      0x400 
                0x00000000200006c0                . = ALIGN (0x8)

/DISCARD/
 libc.a(*)
 libm.a(*)
 libgcc.a(*)

.ARM.attributes
                0x0000000000000000       0x30
 *(.ARM.attributes)
 .ARM.attributes
                0x0000000000000000       0x22 c:/st/stm32cubeide_1.2.0/stm32cubeide/plugins/com.st.stm32cube.ide.mcu.externaltools.gnu-tools-for-stm32.7-2018-q2-update.win32_1.0.0.201904181610/tools/bin/../lib/gcc/arm-none-eabi/7.3.1/thumb/v7e-m/fpv4-sp/hard/crti.o
 .ARM.attributes
                0x0000000000000022       0x34 c:/st/stm32cubeide_1.2.0/stm32cubeide/plugins/com.st.stm32cube.ide.mcu.externaltools.gnu-tools-for-stm32.7-2018-q2-update.win32_1.0.0.201904181610/tools/bin/../lib/gcc/arm-none-eabi/7.3.1/thumb/v7e-m/fpv4-sp/hard/crtbegin.o
 .ARM.attributes
                0x0000000000000056       0x39 Core/Src/gpio.o
 .ARM.attributes
                0x000000000000008f       0x39 Core/Src/i2c.o
 .ARM.attributes
                0x00000000000000c8       0x39 Core/Src/main.o
 .ARM.attributes
                0x0000000000000101       0x39 Core/Src/stm32f4xx_hal_msp.o
 .ARM.attributes
                0x000000000000013a       0x39 Core/Src/stm32f4xx_it.o
 .ARM.attributes
                0x0000000000000173       0x39 Core/Src/system_stm32f4xx.o
 .ARM.attributes
                0x00000000000001ac       0x21 Core/Startup/startup_stm32f405rgtx.o
 .ARM.attributes
                0x00000000000001cd       0x39 Drivers/STM32F4xx_HAL_Driver/Src/stm32f4xx_hal.o
 .ARM.attributes
                0x0000000000000206       0x39 Drivers/STM32F4xx_HAL_Driver/Src/stm32f4xx_hal_cortex.o
 .ARM.attributes
                0x000000000000023f       0x39 Drivers/STM32F4xx_HAL_Driver/Src/stm32f4xx_hal_gpio.o
 .ARM.attributes
                0x0000000000000278       0x39 Drivers/STM32F4xx_HAL_Driver/Src/stm32f4xx_hal_i2c.o
 .ARM.attributes
                0x00000000000002b1       0x39 Drivers/STM32F4xx_HAL_Driver/Src/stm32f4xx_hal_rcc.o
 .ARM.attributes
                0x00000000000002ea       0x34 c:/st/stm32cubeide_1.2.0/stm32cubeide/plugins/com.st.stm32cube.ide.mcu.externaltools.gnu-tools-for-stm32.7-2018-q2-update.win32_1.0.0.201904181610/tools/bin/../lib/gcc/arm-none-eabi/7.3.1/../../../../arm-none-eabi/lib/thumb/v7e-m/fpv4-sp/hard\libc_nano.a(lib_a-init.o)
 .ARM.attributes
                0x000000000000031e       0x34 c:/st/stm32cubeide_1.2.0/stm32cubeide/plugins/com.st.stm32cube.ide.mcu.externaltools.gnu-tools-for-stm32.7-2018-q2-update.win32_1.0.0.201904181610/tools/bin/../lib/gcc/arm-none-eabi/7.3.1/../../../../arm-none-eabi/lib/thumb/v7e-m/fpv4-sp/hard\libc_nano.a(lib_a-memset.o)
 .ARM.attributes
                0x0000000000000352       0x22 c:/st/stm32cubeide_1.2.0/stm32cubeide/plugins/com.st.stm32cube.ide.mcu.externaltools.gnu-tools-for-stm32.7-2018-q2-update.win32_1.0.0.201904181610/tools/bin/../lib/gcc/arm-none-eabi/7.3.1/thumb/v7e-m/fpv4-sp/hard\libgcc.a(_arm_addsubdf3.o)
 .ARM.attributes
                0x0000000000000374       0x22 c:/st/stm32cubeide_1.2.0/stm32cubeide/plugins/com.st.stm32cube.ide.mcu.externaltools.gnu-tools-for-stm32.7-2018-q2-update.win32_1.0.0.201904181610/tools/bin/../lib/gcc/arm-none-eabi/7.3.1/thumb/v7e-m/fpv4-sp/hard\libgcc.a(_arm_muldivdf3.o)
 .ARM.attributes
                0x0000000000000396       0x22 c:/st/stm32cubeide_1.2.0/stm32cubeide/plugins/com.st.stm32cube.ide.mcu.externaltools.gnu-tools-for-stm32.7-2018-q2-update.win32_1.0.0.201904181610/tools/bin/../lib/gcc/arm-none-eabi/7.3.1/thumb/v7e-m/fpv4-sp/hard\libgcc.a(_arm_truncdfsf2.o)
 .ARM.attributes
                0x00000000000003b8       0x22 c:/st/stm32cubeide_1.2.0/stm32cubeide/plugins/com.st.stm32cube.ide.mcu.externaltools.gnu-tools-for-stm32.7-2018-q2-update.win32_1.0.0.201904181610/tools/bin/../lib/gcc/arm-none-eabi/7.3.1/thumb/v7e-m/fpv4-sp/hard\libgcc.a(_aeabi_uldivmod.o)
 .ARM.attributes
                0x00000000000003da       0x34 c:/st/stm32cubeide_1.2.0/stm32cubeide/plugins/com.st.stm32cube.ide.mcu.externaltools.gnu-tools-for-stm32.7-2018-q2-update.win32_1.0.0.201904181610/tools/bin/../lib/gcc/arm-none-eabi/7.3.1/thumb/v7e-m/fpv4-sp/hard\libgcc.a(_udivmoddi4.o)
 .ARM.attributes
                0x000000000000040e       0x22 c:/st/stm32cubeide_1.2.0/stm32cubeide/plugins/com.st.stm32cube.ide.mcu.externaltools.gnu-tools-for-stm32.7-2018-q2-update.win32_1.0.0.201904181610/tools/bin/../lib/gcc/arm-none-eabi/7.3.1/thumb/v7e-m/fpv4-sp/hard\libgcc.a(_dvmd_tls.o)
 .ARM.attributes
                0x0000000000000430       0x22 c:/st/stm32cubeide_1.2.0/stm32cubeide/plugins/com.st.stm32cube.ide.mcu.externaltools.gnu-tools-for-stm32.7-2018-q2-update.win32_1.0.0.201904181610/tools/bin/../lib/gcc/arm-none-eabi/7.3.1/thumb/v7e-m/fpv4-sp/hard/crtn.o
OUTPUT(Playground.elf elf32-littlearm)

.debug_info     0x0000000000000000     0x7112
 .debug_info    0x0000000000000000      0x4ac Core/Src/gpio.o
 .debug_info    0x00000000000004ac      0x9f9 Core/Src/i2c.o
 .debug_info    0x0000000000000ea5      0xbd4 Core/Src/main.o
 .debug_info    0x0000000000001a79      0x362 Core/Src/stm32f4xx_hal_msp.o
 .debug_info    0x0000000000001ddb      0x20a Core/Src/stm32f4xx_it.o
 .debug_info    0x0000000000001fe5      0x554 Core/Src/system_stm32f4xx.o
 .debug_info    0x0000000000002539       0x22 Core/Startup/startup_stm32f405rgtx.o
 .debug_info    0x000000000000255b      0x933 Drivers/STM32F4xx_HAL_Driver/Src/stm32f4xx_hal.o
 .debug_info    0x0000000000002e8e      0xe16 Drivers/STM32F4xx_HAL_Driver/Src/stm32f4xx_hal_cortex.o
 .debug_info    0x0000000000003ca4      0x7b5 Drivers/STM32F4xx_HAL_Driver/Src/stm32f4xx_hal_gpio.o
 .debug_info    0x0000000000004459     0x23b5 Drivers/STM32F4xx_HAL_Driver/Src/stm32f4xx_hal_i2c.o
 .debug_info    0x000000000000680e      0x904 Drivers/STM32F4xx_HAL_Driver/Src/stm32f4xx_hal_rcc.o

.debug_abbrev   0x0000000000000000     0x12d8
 .debug_abbrev  0x0000000000000000      0x134 Core/Src/gpio.o
 .debug_abbrev  0x0000000000000134      0x199 Core/Src/i2c.o
 .debug_abbrev  0x00000000000002cd      0x1dc Core/Src/main.o
 .debug_abbrev  0x00000000000004a9      0x109 Core/Src/stm32f4xx_hal_msp.o
 .debug_abbrev  0x00000000000005b2       0xc6 Core/Src/stm32f4xx_it.o
 .debug_abbrev  0x0000000000000678      0x12b Core/Src/system_stm32f4xx.o
 .debug_abbrev  0x00000000000007a3       0x12 Core/Startup/startup_stm32f405rgtx.o
 .debug_abbrev  0x00000000000007b5      0x1c7 Drivers/STM32F4xx_HAL_Driver/Src/stm32f4xx_hal.o
 .debug_abbrev  0x000000000000097c      0x2fa Drivers/STM32F4xx_HAL_Driver/Src/stm32f4xx_hal_cortex.o
 .debug_abbrev  0x0000000000000c76      0x1c9 Drivers/STM32F4xx_HAL_Driver/Src/stm32f4xx_hal_gpio.o
 .debug_abbrev  0x0000000000000e3f      0x254 Drivers/STM32F4xx_HAL_Driver/Src/stm32f4xx_hal_i2c.o
 .debug_abbrev  0x0000000000001093      0x245 Drivers/STM32F4xx_HAL_Driver/Src/stm32f4xx_hal_rcc.o

.debug_aranges  0x0000000000000000      0x6e8
 .debug_aranges
                0x0000000000000000       0x20 Core/Src/gpio.o
 .debug_aranges
                0x0000000000000020       0x30 Core/Src/i2c.o
 .debug_aranges
                0x0000000000000050       0x48 Core/Src/main.o
 .debug_aranges
                0x0000000000000098       0x20 Core/Src/stm32f4xx_hal_msp.o
 .debug_aranges
                0x00000000000000b8       0x60 Core/Src/stm32f4xx_it.o
 .debug_aranges
                0x0000000000000118       0x28 Core/Src/system_stm32f4xx.o
 .debug_aranges
                0x0000000000000140       0x28 Core/Startup/startup_stm32f405rgtx.o
 .debug_aranges
                0x0000000000000168       0xf0 Drivers/STM32F4xx_HAL_Driver/Src/stm32f4xx_hal.o
 .debug_aranges
                0x0000000000000258      0x118 Drivers/STM32F4xx_HAL_Driver/Src/stm32f4xx_hal_cortex.o
 .debug_aranges
                0x0000000000000370       0x58 Drivers/STM32F4xx_HAL_Driver/Src/stm32f4xx_hal_gpio.o
 .debug_aranges
                0x00000000000003c8      0x298 Drivers/STM32F4xx_HAL_Driver/Src/stm32f4xx_hal_i2c.o
 .debug_aranges
                0x0000000000000660       0x88 Drivers/STM32F4xx_HAL_Driver/Src/stm32f4xx_hal_rcc.o

.debug_ranges   0x0000000000000000      0x650
 .debug_ranges  0x0000000000000000       0x10 Core/Src/gpio.o
 .debug_ranges  0x0000000000000010       0x20 Core/Src/i2c.o
 .debug_ranges  0x0000000000000030       0x38 Core/Src/main.o
 .debug_ranges  0x0000000000000068       0x10 Core/Src/stm32f4xx_hal_msp.o
 .debug_ranges  0x0000000000000078       0x50 Core/Src/stm32f4xx_it.o
 .debug_ranges  0x00000000000000c8       0x18 Core/Src/system_stm32f4xx.o
 .debug_ranges  0x00000000000000e0       0x20 Core/Startup/startup_stm32f405rgtx.o
 .debug_ranges  0x0000000000000100       0xe0 Drivers/STM32F4xx_HAL_Driver/Src/stm32f4xx_hal.o
 .debug_ranges  0x00000000000001e0      0x108 Drivers/STM32F4xx_HAL_Driver/Src/stm32f4xx_hal_cortex.o
 .debug_ranges  0x00000000000002e8       0x48 Drivers/STM32F4xx_HAL_Driver/Src/stm32f4xx_hal_gpio.o
 .debug_ranges  0x0000000000000330      0x2a8 Drivers/STM32F4xx_HAL_Driver/Src/stm32f4xx_hal_i2c.o
 .debug_ranges  0x00000000000005d8       0x78 Drivers/STM32F4xx_HAL_Driver/Src/stm32f4xx_hal_rcc.o

.debug_macro    0x0000000000000000    0x1d7b7
 .debug_macro   0x0000000000000000      0x1de Core/Src/gpio.o
 .debug_macro   0x00000000000001de      0xa5a Core/Src/gpio.o
 .debug_macro   0x0000000000000c38      0x184 Core/Src/gpio.o
 .debug_macro   0x0000000000000dbc       0x32 Core/Src/gpio.o
 .debug_macro   0x0000000000000dee       0x2f Core/Src/gpio.o
 .debug_macro   0x0000000000000e1d       0x22 Core/Src/gpio.o
 .debug_macro   0x0000000000000e3f       0x8e Core/Src/gpio.o
 .debug_macro   0x0000000000000ecd       0x51 Core/Src/gpio.o
 .debug_macro   0x0000000000000f1e       0xef Core/Src/gpio.o
 .debug_macro   0x000000000000100d       0x6a Core/Src/gpio.o
 .debug_macro   0x0000000000001077      0x1df Core/Src/gpio.o
 .debug_macro   0x0000000000001256       0x1c Core/Src/gpio.o
 .debug_macro   0x0000000000001272       0x22 Core/Src/gpio.o
 .debug_macro   0x0000000000001294       0xdf Core/Src/gpio.o
 .debug_macro   0x0000000000001373     0x102d Core/Src/gpio.o
 .debug_macro   0x00000000000023a0      0x11f Core/Src/gpio.o
 .debug_macro   0x00000000000024bf    0x14251 Core/Src/gpio.o
 .debug_macro   0x0000000000016710       0x43 Core/Src/gpio.o
 .debug_macro   0x0000000000016753     0x3652 Core/Src/gpio.o
 .debug_macro   0x0000000000019da5      0x174 Core/Src/gpio.o
 .debug_macro   0x0000000000019f19       0x5a Core/Src/gpio.o
 .debug_macro   0x0000000000019f73      0x8a7 Core/Src/gpio.o
 .debug_macro   0x000000000001a81a      0x9fe Core/Src/gpio.o
 .debug_macro   0x000000000001b218      0x174 Core/Src/gpio.o
 .debug_macro   0x000000000001b38c      0x117 Core/Src/gpio.o
 .debug_macro   0x000000000001b4a3      0x130 Core/Src/gpio.o
 .debug_macro   0x000000000001b5d3       0x27 Core/Src/gpio.o
 .debug_macro   0x000000000001b5fa      0x287 Core/Src/gpio.o
 .debug_macro   0x000000000001b881       0x5f Core/Src/gpio.o
 .debug_macro   0x000000000001b8e0      0x236 Core/Src/gpio.o
 .debug_macro   0x000000000001bb16      0x12c Core/Src/gpio.o
 .debug_macro   0x000000000001bc42      0x21e Core/Src/gpio.o
 .debug_macro   0x000000000001be60       0x2e Core/Src/gpio.o
 .debug_macro   0x000000000001be8e      0x1b5 Core/Src/gpio.o
 .debug_macro   0x000000000001c043       0xd6 Core/Src/gpio.o
 .debug_macro   0x000000000001c119      0x11a Core/Src/gpio.o
 .debug_macro   0x000000000001c233       0x7e Core/Src/gpio.o
 .debug_macro   0x000000000001c2b1       0x89 Core/Src/gpio.o
 .debug_macro   0x000000000001c33a      0x12d Core/Src/gpio.o
 .debug_macro   0x000000000001c467      0x1de Core/Src/i2c.o
 .debug_macro   0x000000000001c645      0x204 Core/Src/main.o
 .debug_macro   0x000000000001c849      0x1d4 Core/Src/stm32f4xx_hal_msp.o
 .debug_macro   0x000000000001ca1d      0x1de Core/Src/stm32f4xx_it.o
 .debug_macro   0x000000000001cbfb      0x1d0 Core/Src/system_stm32f4xx.o
 .debug_macro   0x000000000001cdcb      0x22a Drivers/STM32F4xx_HAL_Driver/Src/stm32f4xx_hal.o
 .debug_macro   0x000000000001cff5      0x1ca Drivers/STM32F4xx_HAL_Driver/Src/stm32f4xx_hal_cortex.o
 .debug_macro   0x000000000001d1bf      0x200 Drivers/STM32F4xx_HAL_Driver/Src/stm32f4xx_hal_gpio.o
 .debug_macro   0x000000000001d3bf      0x20a Drivers/STM32F4xx_HAL_Driver/Src/stm32f4xx_hal_i2c.o
 .debug_macro   0x000000000001d5c9      0x1ee Drivers/STM32F4xx_HAL_Driver/Src/stm32f4xx_hal_rcc.o

.debug_line     0x0000000000000000     0x6917
 .debug_line    0x0000000000000000      0x6ad Core/Src/gpio.o
 .debug_line    0x00000000000006ad      0x6db Core/Src/i2c.o
 .debug_line    0x0000000000000d88      0x754 Core/Src/main.o
 .debug_line    0x00000000000014dc      0x6a9 Core/Src/stm32f4xx_hal_msp.o
 .debug_line    0x0000000000001b85      0x74d Core/Src/stm32f4xx_it.o
 .debug_line    0x00000000000022d2      0x6c4 Core/Src/system_stm32f4xx.o
 .debug_line    0x0000000000002996       0x86 Core/Startup/startup_stm32f405rgtx.o
 .debug_line    0x0000000000002a1c      0x8ae Drivers/STM32F4xx_HAL_Driver/Src/stm32f4xx_hal.o
 .debug_line    0x00000000000032ca      0x9d2 Drivers/STM32F4xx_HAL_Driver/Src/stm32f4xx_hal_cortex.o
 .debug_line    0x0000000000003c9c      0x88d Drivers/STM32F4xx_HAL_Driver/Src/stm32f4xx_hal_gpio.o
 .debug_line    0x0000000000004529     0x1ae8 Drivers/STM32F4xx_HAL_Driver/Src/stm32f4xx_hal_i2c.o
 .debug_line    0x0000000000006011      0x906 Drivers/STM32F4xx_HAL_Driver/Src/stm32f4xx_hal_rcc.o

.debug_str      0x0000000000000000    0xb2da9
 .debug_str     0x0000000000000000    0xb076a Core/Src/gpio.o
                                      0xb09f3 (size before relaxing)
 .debug_str     0x00000000000b076a      0x507 Core/Src/i2c.o
                                      0xb0f07 (size before relaxing)
 .debug_str     0x00000000000b0c71      0x2a1 Core/Src/main.o
                                      0xb110c (size before relaxing)
 .debug_str     0x00000000000b0f12       0x2c Core/Src/stm32f4xx_hal_msp.o
                                      0xb0958 (size before relaxing)
 .debug_str     0x00000000000b0f3e       0xbd Core/Src/stm32f4xx_it.o
                                      0xb08e6 (size before relaxing)
 .debug_str     0x00000000000b0ffb       0xc4 Core/Src/system_stm32f4xx.o
                                      0xb09df (size before relaxing)
 .debug_str     0x00000000000b10bf       0x36 Core/Startup/startup_stm32f405rgtx.o
                                         0x73 (size before relaxing)
 .debug_str     0x00000000000b10f5      0xa2b Drivers/STM32F4xx_HAL_Driver/Src/stm32f4xx_hal.o
                                      0xb148b (size before relaxing)
 .debug_str     0x00000000000b1b20      0x399 Drivers/STM32F4xx_HAL_Driver/Src/stm32f4xx_hal_cortex.o
                                      0xb127a (size before relaxing)
 .debug_str     0x00000000000b1eb9      0x20c Drivers/STM32F4xx_HAL_Driver/Src/stm32f4xx_hal_gpio.o
                                      0xb0c1e (size before relaxing)
 .debug_str     0x00000000000b20c5      0xa96 Drivers/STM32F4xx_HAL_Driver/Src/stm32f4xx_hal_i2c.o
                                      0xb1928 (size before relaxing)
 .debug_str     0x00000000000b2b5b      0x24e Drivers/STM32F4xx_HAL_Driver/Src/stm32f4xx_hal_rcc.o
                                      0xb0dcc (size before relaxing)

.comment        0x0000000000000000       0x7b
 .comment       0x0000000000000000       0x7b Core/Src/gpio.o
                                         0x7c (size before relaxing)
 .comment       0x000000000000007b       0x7c Core/Src/i2c.o
 .comment       0x000000000000007b       0x7c Core/Src/main.o
 .comment       0x000000000000007b       0x7c Core/Src/stm32f4xx_hal_msp.o
 .comment       0x000000000000007b       0x7c Core/Src/stm32f4xx_it.o
 .comment       0x000000000000007b       0x7c Core/Src/system_stm32f4xx.o
 .comment       0x000000000000007b       0x7c Drivers/STM32F4xx_HAL_Driver/Src/stm32f4xx_hal.o
 .comment       0x000000000000007b       0x7c Drivers/STM32F4xx_HAL_Driver/Src/stm32f4xx_hal_cortex.o
 .comment       0x000000000000007b       0x7c Drivers/STM32F4xx_HAL_Driver/Src/stm32f4xx_hal_gpio.o
 .comment       0x000000000000007b       0x7c Drivers/STM32F4xx_HAL_Driver/Src/stm32f4xx_hal_i2c.o
 .comment       0x000000000000007b       0x7c Drivers/STM32F4xx_HAL_Driver/Src/stm32f4xx_hal_rcc.o

.debug_frame    0x0000000000000000     0x1c7c
 .debug_frame   0x0000000000000000       0x34 Core/Src/gpio.o
 .debug_frame   0x0000000000000034       0x74 Core/Src/i2c.o
 .debug_frame   0x00000000000000a8       0xec Core/Src/main.o
 .debug_frame   0x0000000000000194       0x38 Core/Src/stm32f4xx_hal_msp.o
 .debug_frame   0x00000000000001cc      0x10c Core/Src/stm32f4xx_it.o
 .debug_frame   0x00000000000002d8       0x58 Core/Src/system_stm32f4xx.o
 .debug_frame   0x0000000000000330      0x374 Drivers/STM32F4xx_HAL_Driver/Src/stm32f4xx_hal.o
 .debug_frame   0x00000000000006a4      0x498 Drivers/STM32F4xx_HAL_Driver/Src/stm32f4xx_hal_cortex.o
 .debug_frame   0x0000000000000b3c      0x14c Drivers/STM32F4xx_HAL_Driver/Src/stm32f4xx_hal_gpio.o
 .debug_frame   0x0000000000000c88      0xc38 Drivers/STM32F4xx_HAL_Driver/Src/stm32f4xx_hal_i2c.o
 .debug_frame   0x00000000000018c0      0x1f0 Drivers/STM32F4xx_HAL_Driver/Src/stm32f4xx_hal_rcc.o
 .debug_frame   0x0000000000001ab0       0x2c c:/st/stm32cubeide_1.2.0/stm32cubeide/plugins/com.st.stm32cube.ide.mcu.externaltools.gnu-tools-for-stm32.7-2018-q2-update.win32_1.0.0.201904181610/tools/bin/../lib/gcc/arm-none-eabi/7.3.1/../../../../arm-none-eabi/lib/thumb/v7e-m/fpv4-sp/hard\libc_nano.a(lib_a-init.o)
 .debug_frame   0x0000000000001adc       0x20 c:/st/stm32cubeide_1.2.0/stm32cubeide/plugins/com.st.stm32cube.ide.mcu.externaltools.gnu-tools-for-stm32.7-2018-q2-update.win32_1.0.0.201904181610/tools/bin/../lib/gcc/arm-none-eabi/7.3.1/../../../../arm-none-eabi/lib/thumb/v7e-m/fpv4-sp/hard\libc_nano.a(lib_a-memset.o)
 .debug_frame   0x0000000000001afc       0xac c:/st/stm32cubeide_1.2.0/stm32cubeide/plugins/com.st.stm32cube.ide.mcu.externaltools.gnu-tools-for-stm32.7-2018-q2-update.win32_1.0.0.201904181610/tools/bin/../lib/gcc/arm-none-eabi/7.3.1/thumb/v7e-m/fpv4-sp/hard\libgcc.a(_arm_addsubdf3.o)
 .debug_frame   0x0000000000001ba8       0x50 c:/st/stm32cubeide_1.2.0/stm32cubeide/plugins/com.st.stm32cube.ide.mcu.externaltools.gnu-tools-for-stm32.7-2018-q2-update.win32_1.0.0.201904181610/tools/bin/../lib/gcc/arm-none-eabi/7.3.1/thumb/v7e-m/fpv4-sp/hard\libgcc.a(_arm_muldivdf3.o)
 .debug_frame   0x0000000000001bf8       0x24 c:/st/stm32cubeide_1.2.0/stm32cubeide/plugins/com.st.stm32cube.ide.mcu.externaltools.gnu-tools-for-stm32.7-2018-q2-update.win32_1.0.0.201904181610/tools/bin/../lib/gcc/arm-none-eabi/7.3.1/thumb/v7e-m/fpv4-sp/hard\libgcc.a(_arm_truncdfsf2.o)
 .debug_frame   0x0000000000001c1c       0x2c c:/st/stm32cubeide_1.2.0/stm32cubeide/plugins/com.st.stm32cube.ide.mcu.externaltools.gnu-tools-for-stm32.7-2018-q2-update.win32_1.0.0.201904181610/tools/bin/../lib/gcc/arm-none-eabi/7.3.1/thumb/v7e-m/fpv4-sp/hard\libgcc.a(_aeabi_uldivmod.o)
 .debug_frame   0x0000000000001c48       0x34 c:/st/stm32cubeide_1.2.0/stm32cubeide/plugins/com.st.stm32cube.ide.mcu.externaltools.gnu-tools-for-stm32.7-2018-q2-update.win32_1.0.0.201904181610/tools/bin/../lib/gcc/arm-none-eabi/7.3.1/thumb/v7e-m/fpv4-sp/hard\libgcc.a(_udivmoddi4.o)
